
[1m[46m RUN [49m[22m [36mv4.0.13 [39m[90mC:/Users/devart/code-files/vite-proj/craftsbayhub/money-feast[39m

node.exe : TypeError: Cannot read 
properties of undefined (reading 
'add')
At C:\Users\devart\scoop\apps\node
js-lts\current\bin\npx.ps1:24 
char:5
+     & "node$exe"  "$basedir/node
_modules/npm/bin/npx-cli.js" $args
+     ~~~~~~~~~~~~~~~~~~~~~~~~~~~~
~~~~~~~~~~~~~~~~~~~~~~~~~~~~~~~~~~
    + CategoryInfo          : Not 
   Specified: (TypeError: Cann..  
  .(reading 'add'):String) [],    
 RemoteException
    + FullyQualifiedErrorId : Nat 
   iveCommandError
 
    at HelmetDispatcher.init (C:\U
sers\devart\code-files\vite-proj\c
raftsbayhub\money-feast\node_modul
es\react-helmet-async\lib\index.js
:676:21)
    at HelmetDispatcher.render (C:
\Users\devart\code-files\vite-proj
\craftsbayhub\money-feast\node_mod
ules\react-helmet-async\lib\index.
js:680:10)
    at finishClassComponent (C:\Us
ers\devart\code-files\vite-proj\cr
aftsbayhub\money-feast\node_module
s\react-dom\cjs\react-dom.developm
ent.js:19781:31)
    at updateClassComponent (C:\Us
ers\devart\code-files\vite-proj\cr
aftsbayhub\money-feast\node_module
s\react-dom\cjs\react-dom.developm
ent.js:19727:24)
    at beginWork (C:\Users\devart\
code-files\vite-proj\craftsbayhub\
money-feast\node_modules\react-dom
\cjs\react-dom.development.js:2165
0:16)
    at 
HTMLUnknownElement.callCallback (C
:\Users\devart\code-files\vite-pro
j\craftsbayhub\money-feast\node_mo
dules\react-dom\cjs\react-dom.deve
lopment.js:4164:14)
    at HTMLUnknownElement.callTheU
serObjectsOperation (C:\Users\deva
rt\code-files\vite-proj\craftsbayh
ub\money-feast\node_modules\jsdom\
lib\jsdom\living\generated\EventLi
stener.js:26:30)
    at innerInvokeEventListeners (
C:\Users\devart\code-files\vite-pr
oj\craftsbayhub\money-feast\node_m
odules\jsdom\lib\jsdom\living\even
ts\EventTarget-impl.js:360:16)
    at invokeEventListeners (C:\Us
ers\devart\code-files\vite-proj\cr
aftsbayhub\money-feast\node_module
s\jsdom\lib\jsdom\living\events\Ev
entTarget-impl.js:296:3)
    at 
HTMLUnknownElementImpl._dispatch (
C:\Users\devart\code-files\vite-pr
oj\craftsbayhub\money-feast\node_m
odules\jsdom\lib\jsdom\living\even
ts\EventTarget-impl.js:243:9)
TypeError: Cannot read properties 
of undefined (reading 'add')
    at HelmetDispatcher.init (C:\U
sers\devart\code-files\vite-proj\c
raftsbayhub\money-feast\node_modul
es\react-helmet-async\lib\index.js
:676:21)
    at HelmetDispatcher.render (C:
\Users\devart\code-files\vite-proj
\craftsbayhub\money-feast\node_mod
ules\react-helmet-async\lib\index.
js:680:10)
    at finishClassComponent (C:\Us
ers\devart\code-files\vite-proj\cr
aftsbayhub\money-feast\node_module
s\react-dom\cjs\react-dom.developm
ent.js:19781:31)
    at updateClassComponent (C:\Us
ers\devart\code-files\vite-proj\cr
aftsbayhub\money-feast\node_module
s\react-dom\cjs\react-dom.developm
ent.js:19727:24)
    at beginWork (C:\Users\devart\
code-files\vite-proj\craftsbayhub\
money-feast\node_modules\react-dom
\cjs\react-dom.development.js:2165
0:16)
    at 
HTMLUnknownElement.callCallback (C
:\Users\devart\code-files\vite-pro
j\craftsbayhub\money-feast\node_mo
dules\react-dom\cjs\react-dom.deve
lopment.js:4164:14)
    at HTMLUnknownElement.callTheU
serObjectsOperation (C:\Users\deva
rt\code-files\vite-proj\craftsbayh
ub\money-feast\node_modules\jsdom\
lib\jsdom\living\generated\EventLi
stener.js:26:30)
    at innerInvokeEventListeners (
C:\Users\devart\code-files\vite-pr
oj\craftsbayhub\money-feast\node_m
odules\jsdom\lib\jsdom\living\even
ts\EventTarget-impl.js:360:16)
    at invokeEventListeners (C:\Us
ers\devart\code-files\vite-proj\cr
aftsbayhub\money-feast\node_module
s\jsdom\lib\jsdom\living\events\Ev
entTarget-impl.js:296:3)
    at 
HTMLUnknownElementImpl._dispatch (
C:\Users\devart\code-files\vite-pr
oj\craftsbayhub\money-feast\node_m
odules\jsdom\lib\jsdom\living\even
ts\EventTarget-impl.js:243:9)
[90mstderr[2m | src/pages/admin/
__tests__/AdminFlow.test.tsx[2m 
> [22m[2mAdmin Flow Tests[2m > 
[22m[2mLogin Component[2m > 
[22m[2mrenders login form 
correctly
[22m[39mThe above error 
occurred in the 
<HelmetDispatcher> component:

    at HelmetDispatcher (C:\Users\
devart\code-files\vite-proj\crafts
bayhub\money-feast\node_modules\re
act-helmet-async\lib\index.js:637:
24)
    at Helmet (C:\Users\devart\cod
e-files\vite-proj\craftsbayhub\mon
ey-feast\node_modules\react-helmet
-async\lib\index.js:686:14)
    at SEO (C:/Users/devart/code-f
iles/vite-proj/craftsbayhub/money-
feast/src/components/SEO.tsx:7:3)
    at Login (C:/Users/devart/code
-files/vite-proj/craftsbayhub/mone
y-feast/src/pages/admin/Login.tsx:
15:63)
    at AuthProvider (C:/Users/deva
rt/code-files/vite-proj/craftsbayh
ub/money-feast/src/contexts/AuthCo
ntext.tsx:10:25)
    at Router (file:///C:/Users/de
vart/code-files/vite-proj/craftsba
yhub/money-feast/node_modules/reac
t-router/dist/development/chunk-4W
Y6JWTD.mjs:6463:13)
    at BrowserRouter (file:///C:/U
sers/devart/code-files/vite-proj/c
raftsbayhub/money-feast/node_modul
es/react-router/dist/development/c
hunk-4WY6JWTD.mjs:9623:3)

Consider adding an error boundary 
to your tree to customize error 
handling behavior.
Visit https://reactjs.org/link/err
or-boundaries to learn more about 
error boundaries.

TypeError: Cannot read properties 
of undefined (reading 'add')
    at HelmetDispatcher.init (C:\U
sers\devart\code-files\vite-proj\c
raftsbayhub\money-feast\node_modul
es\react-helmet-async\lib\index.js
:676:21)
    at HelmetDispatcher.render (C:
\Users\devart\code-files\vite-proj
\craftsbayhub\money-feast\node_mod
ules\react-helmet-async\lib\index.
js:680:10)
    at finishClassComponent (C:\Us
ers\devart\code-files\vite-proj\cr
aftsbayhub\money-feast\node_module
s\react-dom\cjs\react-dom.developm
ent.js:19781:31)
    at updateClassComponent (C:\Us
ers\devart\code-files\vite-proj\cr
aftsbayhub\money-feast\node_module
s\react-dom\cjs\react-dom.developm
ent.js:19727:24)
    at beginWork (C:\Users\devart\
code-files\vite-proj\craftsbayhub\
money-feast\node_modules\react-dom
\cjs\react-dom.development.js:2165
0:16)
    at 
HTMLUnknownElement.callCallback (C
:\Users\devart\code-files\vite-pro
j\craftsbayhub\money-feast\node_mo
dules\react-dom\cjs\react-dom.deve
lopment.js:4164:14)
    at HTMLUnknownElement.callTheU
serObjectsOperation (C:\Users\deva
rt\code-files\vite-proj\craftsbayh
ub\money-feast\node_modules\jsdom\
lib\jsdom\living\generated\EventLi
stener.js:26:30)
    at innerInvokeEventListeners (
C:\Users\devart\code-files\vite-pr
oj\craftsbayhub\money-feast\node_m
odules\jsdom\lib\jsdom\living\even
ts\EventTarget-impl.js:360:16)
    at invokeEventListeners (C:\Us
ers\devart\code-files\vite-proj\cr
aftsbayhub\money-feast\node_module
s\jsdom\lib\jsdom\living\events\Ev
entTarget-impl.js:296:3)
    at 
HTMLUnknownElementImpl._dispatch (
C:\Users\devart\code-files\vite-pr
oj\craftsbayhub\money-feast\node_m
odules\jsdom\lib\jsdom\living\even
ts\EventTarget-impl.js:243:9)
TypeError: Cannot read properties 
of undefined (reading 'add')
    at HelmetDispatcher.init (C:\U
sers\devart\code-files\vite-proj\c
raftsbayhub\money-feast\node_modul
es\react-helmet-async\lib\index.js
:676:21)
    at HelmetDispatcher.render (C:
\Users\devart\code-files\vite-proj
\craftsbayhub\money-feast\node_mod
ules\react-helmet-async\lib\index.
js:680:10)
    at finishClassComponent (C:\Us
ers\devart\code-files\vite-proj\cr
aftsbayhub\money-feast\node_module
s\react-dom\cjs\react-dom.developm
ent.js:19781:31)
    at updateClassComponent (C:\Us
ers\devart\code-files\vite-proj\cr
aftsbayhub\money-feast\node_module
s\react-dom\cjs\react-dom.developm
ent.js:19727:24)
    at beginWork (C:\Users\devart\
code-files\vite-proj\craftsbayhub\
money-feast\node_modules\react-dom
\cjs\react-dom.development.js:2165
0:16)
    at 
HTMLUnknownElement.callCallback (C
:\Users\devart\code-files\vite-pro
j\craftsbayhub\money-feast\node_mo
dules\react-dom\cjs\react-dom.deve
lopment.js:4164:14)
    at HTMLUnknownElement.callTheU
serObjectsOperation (C:\Users\deva
rt\code-files\vite-proj\craftsbayh
ub\money-feast\node_modules\jsdom\
lib\jsdom\living\generated\EventLi
stener.js:26:30)
    at innerInvokeEventListeners (
C:\Users\devart\code-files\vite-pr
oj\craftsbayhub\money-feast\node_m
odules\jsdom\lib\jsdom\living\even
ts\EventTarget-impl.js:360:16)
    at invokeEventListeners (C:\Us
ers\devart\code-files\vite-proj\cr
aftsbayhub\money-feast\node_module
s\jsdom\lib\jsdom\living\events\Ev
entTarget-impl.js:296:3)
    at 
HTMLUnknownElementImpl._dispatch (
C:\Users\devart\code-files\vite-pr
oj\craftsbayhub\money-feast\node_m
odules\jsdom\lib\jsdom\living\even
ts\EventTarget-impl.js:243:9)
[90mstderr[2m | src/pages/admin/
__tests__/AdminFlow.test.tsx[2m 
> [22m[2mAdmin Flow Tests[2m > 
[22m[2mLogin Component[2m > 
[22m[2mhandles password 
visibility toggle
[22m[39mThe above error 
occurred in the 
<HelmetDispatcher> component:

    at HelmetDispatcher (C:\Users\
devart\code-files\vite-proj\crafts
bayhub\money-feast\node_modules\re
act-helmet-async\lib\index.js:637:
24)
    at Helmet (C:\Users\devart\cod
e-files\vite-proj\craftsbayhub\mon
ey-feast\node_modules\react-helmet
-async\lib\index.js:686:14)
    at SEO (C:/Users/devart/code-f
iles/vite-proj/craftsbayhub/money-
feast/src/components/SEO.tsx:7:3)
    at Login (C:/Users/devart/code
-files/vite-proj/craftsbayhub/mone
y-feast/src/pages/admin/Login.tsx:
15:63)
    at AuthProvider (C:/Users/deva
rt/code-files/vite-proj/craftsbayh
ub/money-feast/src/contexts/AuthCo
ntext.tsx:10:25)
    at Router (file:///C:/Users/de
vart/code-files/vite-proj/craftsba
yhub/money-feast/node_modules/reac
t-router/dist/development/chunk-4W
Y6JWTD.mjs:6463:13)
    at BrowserRouter (file:///C:/U
sers/devart/code-files/vite-proj/c
raftsbayhub/money-feast/node_modul
es/react-router/dist/development/c
hunk-4WY6JWTD.mjs:9623:3)

Consider adding an error boundary 
to your tree to customize error 
handling behavior.
Visit https://reactjs.org/link/err
or-boundaries to learn more about 
error boundaries.

TypeError: Cannot read properties 
of undefined (reading 'add')
    at HelmetDispatcher.init (C:\U
sers\devart\code-files\vite-proj\c
raftsbayhub\money-feast\node_modul
es\react-helmet-async\lib\index.js
:676:21)
    at HelmetDispatcher.render (C:
\Users\devart\code-files\vite-proj
\craftsbayhub\money-feast\node_mod
ules\react-helmet-async\lib\index.
js:680:10)
    at finishClassComponent (C:\Us
ers\devart\code-files\vite-proj\cr
aftsbayhub\money-feast\node_module
s\react-dom\cjs\react-dom.developm
ent.js:19781:31)
    at updateClassComponent (C:\Us
ers\devart\code-files\vite-proj\cr
aftsbayhub\money-feast\node_module
s\react-dom\cjs\react-dom.developm
ent.js:19727:24)
    at beginWork (C:\Users\devart\
code-files\vite-proj\craftsbayhub\
money-feast\node_modules\react-dom
\cjs\react-dom.development.js:2165
0:16)
    at 
HTMLUnknownElement.callCallback (C
:\Users\devart\code-files\vite-pro
j\craftsbayhub\money-feast\node_mo
dules\react-dom\cjs\react-dom.deve
lopment.js:4164:14)
    at HTMLUnknownElement.callTheU
serObjectsOperation (C:\Users\deva
rt\code-files\vite-proj\craftsbayh
ub\money-feast\node_modules\jsdom\
lib\jsdom\living\generated\EventLi
stener.js:26:30)
    at innerInvokeEventListeners (
C:\Users\devart\code-files\vite-pr
oj\craftsbayhub\money-feast\node_m
odules\jsdom\lib\jsdom\living\even
ts\EventTarget-impl.js:360:16)
    at invokeEventListeners (C:\Us
ers\devart\code-files\vite-proj\cr
aftsbayhub\money-feast\node_module
s\jsdom\lib\jsdom\living\events\Ev
entTarget-impl.js:296:3)
    at 
HTMLUnknownElementImpl._dispatch (
C:\Users\devart\code-files\vite-pr
oj\craftsbayhub\money-feast\node_m
odules\jsdom\lib\jsdom\living\even
ts\EventTarget-impl.js:243:9)
TypeError: Cannot read properties 
of undefined (reading 'add')
    at HelmetDispatcher.init (C:\U
sers\devart\code-files\vite-proj\c
raftsbayhub\money-feast\node_modul
es\react-helmet-async\lib\index.js
:676:21)
    at HelmetDispatcher.render (C:
\Users\devart\code-files\vite-proj
\craftsbayhub\money-feast\node_mod
ules\react-helmet-async\lib\index.
js:680:10)
    at finishClassComponent (C:\Us
ers\devart\code-files\vite-proj\cr
aftsbayhub\money-feast\node_module
s\react-dom\cjs\react-dom.developm
ent.js:19781:31)
    at updateClassComponent (C:\Us
ers\devart\code-files\vite-proj\cr
aftsbayhub\money-feast\node_module
s\react-dom\cjs\react-dom.developm
ent.js:19727:24)
    at beginWork (C:\Users\devart\
code-files\vite-proj\craftsbayhub\
money-feast\node_modules\react-dom
\cjs\react-dom.development.js:2165
0:16)
    at 
HTMLUnknownElement.callCallback (C
:\Users\devart\code-files\vite-pro
j\craftsbayhub\money-feast\node_mo
dules\react-dom\cjs\react-dom.deve
lopment.js:4164:14)
    at HTMLUnknownElement.callTheU
serObjectsOperation (C:\Users\deva
rt\code-files\vite-proj\craftsbayh
ub\money-feast\node_modules\jsdom\
lib\jsdom\living\generated\EventLi
stener.js:26:30)
    at innerInvokeEventListeners (
C:\Users\devart\code-files\vite-pr
oj\craftsbayhub\money-feast\node_m
odules\jsdom\lib\jsdom\living\even
ts\EventTarget-impl.js:360:16)
    at invokeEventListeners (C:\Us
ers\devart\code-files\vite-proj\cr
aftsbayhub\money-feast\node_module
s\jsdom\lib\jsdom\living\events\Ev
entTarget-impl.js:296:3)
    at 
HTMLUnknownElementImpl._dispatch (
C:\Users\devart\code-files\vite-pr
oj\craftsbayhub\money-feast\node_m
odules\jsdom\lib\jsdom\living\even
ts\EventTarget-impl.js:243:9)
[90mstderr[2m | src/pages/admin/
__tests__/AdminFlow.test.tsx[2m 
> [22m[2mAdmin Flow Tests[2m > 
[22m[2mLogin Component[2m > 
[22m[2mcalls signIn when form 
is submitted
[22m[39mThe above error 
occurred in the 
<HelmetDispatcher> component:

    at HelmetDispatcher (C:\Users\
devart\code-files\vite-proj\crafts
bayhub\money-feast\node_modules\re
act-helmet-async\lib\index.js:637:
24)
    at Helmet (C:\Users\devart\cod
e-files\vite-proj\craftsbayhub\mon
ey-feast\node_modules\react-helmet
-async\lib\index.js:686:14)
    at SEO (C:/Users/devart/code-f
iles/vite-proj/craftsbayhub/money-
feast/src/components/SEO.tsx:7:3)
    at Login (C:/Users/devart/code
-files/vite-proj/craftsbayhub/mone
y-feast/src/pages/admin/Login.tsx:
15:63)
    at AuthProvider (C:/Users/deva
rt/code-files/vite-proj/craftsbayh
ub/money-feast/src/contexts/AuthCo
ntext.tsx:10:25)
    at Router (file:///C:/Users/de
vart/code-files/vite-proj/craftsba
yhub/money-feast/node_modules/reac
t-router/dist/development/chunk-4W
Y6JWTD.mjs:6463:13)
    at BrowserRouter (file:///C:/U
sers/devart/code-files/vite-proj/c
raftsbayhub/money-feast/node_modul
es/react-router/dist/development/c
hunk-4WY6JWTD.mjs:9623:3)

Consider adding an error boundary 
to your tree to customize error 
handling behavior.
Visit https://reactjs.org/link/err
or-boundaries to learn more about 
error boundaries.

TypeError: Cannot read properties 
of undefined (reading 'add')
    at HelmetDispatcher.init (C:\U
sers\devart\code-files\vite-proj\c
raftsbayhub\money-feast\node_modul
es\react-helmet-async\lib\index.js
:676:21)
    at HelmetDispatcher.render (C:
\Users\devart\code-files\vite-proj
\craftsbayhub\money-feast\node_mod
ules\react-helmet-async\lib\index.
js:680:10)
    at finishClassComponent (C:\Us
ers\devart\code-files\vite-proj\cr
aftsbayhub\money-feast\node_module
s\react-dom\cjs\react-dom.developm
ent.js:19781:31)
    at updateClassComponent (C:\Us
ers\devart\code-files\vite-proj\cr
aftsbayhub\money-feast\node_module
s\react-dom\cjs\react-dom.developm
ent.js:19727:24)
    at beginWork (C:\Users\devart\
code-files\vite-proj\craftsbayhub\
money-feast\node_modules\react-dom
\cjs\react-dom.development.js:2165
0:16)
    at 
HTMLUnknownElement.callCallback (C
:\Users\devart\code-files\vite-pro
j\craftsbayhub\money-feast\node_mo
dules\react-dom\cjs\react-dom.deve
lopment.js:4164:14)
    at HTMLUnknownElement.callTheU
serObjectsOperation (C:\Users\deva
rt\code-files\vite-proj\craftsbayh
ub\money-feast\node_modules\jsdom\
lib\jsdom\living\generated\EventLi
stener.js:26:30)
    at innerInvokeEventListeners (
C:\Users\devart\code-files\vite-pr
oj\craftsbayhub\money-feast\node_m
odules\jsdom\lib\jsdom\living\even
ts\EventTarget-impl.js:360:16)
    at invokeEventListeners (C:\Us
ers\devart\code-files\vite-proj\cr
aftsbayhub\money-feast\node_module
s\jsdom\lib\jsdom\living\events\Ev
entTarget-impl.js:296:3)
    at 
HTMLUnknownElementImpl._dispatch (
C:\Users\devart\code-files\vite-pr
oj\craftsbayhub\money-feast\node_m
odules\jsdom\lib\jsdom\living\even
ts\EventTarget-impl.js:243:9)
TypeError: Cannot read properties 
of undefined (reading 'add')
    at HelmetDispatcher.init (C:\U
sers\devart\code-files\vite-proj\c
raftsbayhub\money-feast\node_modul
es\react-helmet-async\lib\index.js
:676:21)
    at HelmetDispatcher.render (C:
\Users\devart\code-files\vite-proj
\craftsbayhub\money-feast\node_mod
ules\react-helmet-async\lib\index.
js:680:10)
    at finishClassComponent (C:\Us
ers\devart\code-files\vite-proj\cr
aftsbayhub\money-feast\node_module
s\react-dom\cjs\react-dom.developm
ent.js:19781:31)
    at updateClassComponent (C:\Us
ers\devart\code-files\vite-proj\cr
aftsbayhub\money-feast\node_module
s\react-dom\cjs\react-dom.developm
ent.js:19727:24)
    at beginWork (C:\Users\devart\
code-files\vite-proj\craftsbayhub\
money-feast\node_modules\react-dom
\cjs\react-dom.development.js:2165
0:16)
    at 
HTMLUnknownElement.callCallback (C
:\Users\devart\code-files\vite-pro
j\craftsbayhub\money-feast\node_mo
dules\react-dom\cjs\react-dom.deve
lopment.js:4164:14)
    at HTMLUnknownElement.callTheU
serObjectsOperation (C:\Users\deva
rt\code-files\vite-proj\craftsbayh
ub\money-feast\node_modules\jsdom\
lib\jsdom\living\generated\EventLi
stener.js:26:30)
    at innerInvokeEventListeners (
C:\Users\devart\code-files\vite-pr
oj\craftsbayhub\money-feast\node_m
odules\jsdom\lib\jsdom\living\even
ts\EventTarget-impl.js:360:16)
    at invokeEventListeners (C:\Us
ers\devart\code-files\vite-proj\cr
aftsbayhub\money-feast\node_module
s\jsdom\lib\jsdom\living\events\Ev
entTarget-impl.js:296:3)
    at 
HTMLUnknownElementImpl._dispatch (
C:\Users\devart\code-files\vite-pr
oj\craftsbayhub\money-feast\node_m
odules\jsdom\lib\jsdom\living\even
ts\EventTarget-impl.js:243:9)
[90mstderr[2m | src/pages/admin/
__tests__/AdminFlow.test.tsx[2m 
> [22m[2mAdmin Flow Tests[2m > 
[22m[2mSignup Component[2m > 
[22m[2mrenders signup form 
correctly
[22m[39mThe above error 
occurred in the 
<HelmetDispatcher> component:

    at HelmetDispatcher (C:\Users\
devart\code-files\vite-proj\crafts
bayhub\money-feast\node_modules\re
act-helmet-async\lib\index.js:637:
24)
    at Helmet (C:\Users\devart\cod
e-files\vite-proj\craftsbayhub\mon
ey-feast\node_modules\react-helmet
-async\lib\index.js:686:14)
    at SEO (C:/Users/devart/code-f
iles/vite-proj/craftsbayhub/money-
feast/src/components/SEO.tsx:7:3)
    at Signup (C:/Users/devart/cod
e-files/vite-proj/craftsbayhub/mon
ey-feast/src/pages/admin/Signup.ts
x:15:63)
    at AuthProvider (C:/Users/deva
rt/code-files/vite-proj/craftsbayh
ub/money-feast/src/contexts/AuthCo
ntext.tsx:10:25)
    at Router (file:///C:/Users/de
vart/code-files/vite-proj/craftsba
yhub/money-feast/node_modules/reac
t-router/dist/development/chunk-4W
Y6JWTD.mjs:6463:13)
    at BrowserRouter (file:///C:/U
sers/devart/code-files/vite-proj/c
raftsbayhub/money-feast/node_modul
es/react-router/dist/development/c
hunk-4WY6JWTD.mjs:9623:3)

Consider adding an error boundary 
to your tree to customize error 
handling behavior.
Visit https://reactjs.org/link/err
or-boundaries to learn more about 
error boundaries.

TypeError: Cannot read properties 
of undefined (reading 'add')
    at HelmetDispatcher.init (C:\U
sers\devart\code-files\vite-proj\c
raftsbayhub\money-feast\node_modul
es\react-helmet-async\lib\index.js
:676:21)
    at HelmetDispatcher.render (C:
\Users\devart\code-files\vite-proj
\craftsbayhub\money-feast\node_mod
ules\react-helmet-async\lib\index.
js:680:10)
    at finishClassComponent (C:\Us
ers\devart\code-files\vite-proj\cr
aftsbayhub\money-feast\node_module
s\react-dom\cjs\react-dom.developm
ent.js:19781:31)
    at updateClassComponent (C:\Us
ers\devart\code-files\vite-proj\cr
aftsbayhub\money-feast\node_module
s\react-dom\cjs\react-dom.developm
ent.js:19727:24)
    at beginWork (C:\Users\devart\
code-files\vite-proj\craftsbayhub\
money-feast\node_modules\react-dom
\cjs\react-dom.development.js:2165
0:16)
    at 
HTMLUnknownElement.callCallback (C
:\Users\devart\code-files\vite-pro
j\craftsbayhub\money-feast\node_mo
dules\react-dom\cjs\react-dom.deve
lopment.js:4164:14)
    at HTMLUnknownElement.callTheU
serObjectsOperation (C:\Users\deva
rt\code-files\vite-proj\craftsbayh
ub\money-feast\node_modules\jsdom\
lib\jsdom\living\generated\EventLi
stener.js:26:30)
    at innerInvokeEventListeners (
C:\Users\devart\code-files\vite-pr
oj\craftsbayhub\money-feast\node_m
odules\jsdom\lib\jsdom\living\even
ts\EventTarget-impl.js:360:16)
    at invokeEventListeners (C:\Us
ers\devart\code-files\vite-proj\cr
aftsbayhub\money-feast\node_module
s\jsdom\lib\jsdom\living\events\Ev
entTarget-impl.js:296:3)
    at 
HTMLUnknownElementImpl._dispatch (
C:\Users\devart\code-files\vite-pr
oj\craftsbayhub\money-feast\node_m
odules\jsdom\lib\jsdom\living\even
ts\EventTarget-impl.js:243:9)
TypeError: Cannot read properties 
of undefined (reading 'add')
    at HelmetDispatcher.init (C:\U
sers\devart\code-files\vite-proj\c
raftsbayhub\money-feast\node_modul
es\react-helmet-async\lib\index.js
:676:21)
    at HelmetDispatcher.render (C:
\Users\devart\code-files\vite-proj
\craftsbayhub\money-feast\node_mod
ules\react-helmet-async\lib\index.
js:680:10)
    at finishClassComponent (C:\Us
ers\devart\code-files\vite-proj\cr
aftsbayhub\money-feast\node_module
s\react-dom\cjs\react-dom.developm
ent.js:19781:31)
    at updateClassComponent (C:\Us
ers\devart\code-files\vite-proj\cr
aftsbayhub\money-feast\node_module
s\react-dom\cjs\react-dom.developm
ent.js:19727:24)
    at beginWork (C:\Users\devart\
code-files\vite-proj\craftsbayhub\
money-feast\node_modules\react-dom
\cjs\react-dom.development.js:2165
0:16)
    at 
HTMLUnknownElement.callCallback (C
:\Users\devart\code-files\vite-pro
j\craftsbayhub\money-feast\node_mo
dules\react-dom\cjs\react-dom.deve
lopment.js:4164:14)
    at HTMLUnknownElement.callTheU
serObjectsOperation (C:\Users\deva
rt\code-files\vite-proj\craftsbayh
ub\money-feast\node_modules\jsdom\
lib\jsdom\living\generated\EventLi
stener.js:26:30)
    at innerInvokeEventListeners (
C:\Users\devart\code-files\vite-pr
oj\craftsbayhub\money-feast\node_m
odules\jsdom\lib\jsdom\living\even
ts\EventTarget-impl.js:360:16)
    at invokeEventListeners (C:\Us
ers\devart\code-files\vite-proj\cr
aftsbayhub\money-feast\node_module
s\jsdom\lib\jsdom\living\events\Ev
entTarget-impl.js:296:3)
    at 
HTMLUnknownElementImpl._dispatch (
C:\Users\devart\code-files\vite-pr
oj\craftsbayhub\money-feast\node_m
odules\jsdom\lib\jsdom\living\even
ts\EventTarget-impl.js:243:9)
[90mstderr[2m | src/pages/admin/
__tests__/AdminFlow.test.tsx[2m 
> [22m[2mAdmin Flow Tests[2m > 
[22m[2mSignup Component[2m > 
[22m[2mvalidates password match
[22m[39mThe above error 
occurred in the 
<HelmetDispatcher> component:

    at HelmetDispatcher (C:\Users\
devart\code-files\vite-proj\crafts
bayhub\money-feast\node_modules\re
act-helmet-async\lib\index.js:637:
24)
    at Helmet (C:\Users\devart\cod
e-files\vite-proj\craftsbayhub\mon
ey-feast\node_modules\react-helmet
-async\lib\index.js:686:14)
    at SEO (C:/Users/devart/code-f
iles/vite-proj/craftsbayhub/money-
feast/src/components/SEO.tsx:7:3)
    at Signup (C:/Users/devart/cod
e-files/vite-proj/craftsbayhub/mon
ey-feast/src/pages/admin/Signup.ts
x:15:63)
    at AuthProvider (C:/Users/deva
rt/code-files/vite-proj/craftsbayh
ub/money-feast/src/contexts/AuthCo
ntext.tsx:10:25)
    at Router (file:///C:/Users/de
vart/code-files/vite-proj/craftsba
yhub/money-feast/node_modules/reac
t-router/dist/development/chunk-4W
Y6JWTD.mjs:6463:13)
    at BrowserRouter (file:///C:/U
sers/devart/code-files/vite-proj/c
raftsbayhub/money-feast/node_modul
es/react-router/dist/development/c
hunk-4WY6JWTD.mjs:9623:3)

Consider adding an error boundary 
to your tree to customize error 
handling behavior.
Visit https://reactjs.org/link/err
or-boundaries to learn more about 
error boundaries.

TypeError: Cannot read properties 
of undefined (reading 'add')
    at HelmetDispatcher.init (C:\U
sers\devart\code-files\vite-proj\c
raftsbayhub\money-feast\node_modul
es\react-helmet-async\lib\index.js
:676:21)
    at HelmetDispatcher.render (C:
\Users\devart\code-files\vite-proj
\craftsbayhub\money-feast\node_mod
ules\react-helmet-async\lib\index.
js:680:10)
    at finishClassComponent (C:\Us
ers\devart\code-files\vite-proj\cr
aftsbayhub\money-feast\node_module
s\react-dom\cjs\react-dom.developm
ent.js:19781:31)
    at updateClassComponent (C:\Us
ers\devart\code-files\vite-proj\cr
aftsbayhub\money-feast\node_module
s\react-dom\cjs\react-dom.developm
ent.js:19727:24)
    at beginWork (C:\Users\devart\
code-files\vite-proj\craftsbayhub\
money-feast\node_modules\react-dom
\cjs\react-dom.development.js:2165
0:16)
    at 
HTMLUnknownElement.callCallback (C
:\Users\devart\code-files\vite-pro
j\craftsbayhub\money-feast\node_mo
dules\react-dom\cjs\react-dom.deve
lopment.js:4164:14)
    at HTMLUnknownElement.callTheU
serObjectsOperation (C:\Users\deva
rt\code-files\vite-proj\craftsbayh
ub\money-feast\node_modules\jsdom\
lib\jsdom\living\generated\EventLi
stener.js:26:30)
    at innerInvokeEventListeners (
C:\Users\devart\code-files\vite-pr
oj\craftsbayhub\money-feast\node_m
odules\jsdom\lib\jsdom\living\even
ts\EventTarget-impl.js:360:16)
    at invokeEventListeners (C:\Us
ers\devart\code-files\vite-proj\cr
aftsbayhub\money-feast\node_module
s\jsdom\lib\jsdom\living\events\Ev
entTarget-impl.js:296:3)
    at 
HTMLUnknownElementImpl._dispatch (
C:\Users\devart\code-files\vite-pr
oj\craftsbayhub\money-feast\node_m
odules\jsdom\lib\jsdom\living\even
ts\EventTarget-impl.js:243:9)
TypeError: Cannot read properties 
of undefined (reading 'add')
    at HelmetDispatcher.init (C:\U
sers\devart\code-files\vite-proj\c
raftsbayhub\money-feast\node_modul
es\react-helmet-async\lib\index.js
:676:21)
    at HelmetDispatcher.render (C:
\Users\devart\code-files\vite-proj
\craftsbayhub\money-feast\node_mod
ules\react-helmet-async\lib\index.
js:680:10)
    at finishClassComponent (C:\Us
ers\devart\code-files\vite-proj\cr
aftsbayhub\money-feast\node_module
s\react-dom\cjs\react-dom.developm
ent.js:19781:31)
    at updateClassComponent (C:\Us
ers\devart\code-files\vite-proj\cr
aftsbayhub\money-feast\node_module
s\react-dom\cjs\react-dom.developm
ent.js:19727:24)
    at beginWork (C:\Users\devart\
code-files\vite-proj\craftsbayhub\
money-feast\node_modules\react-dom
\cjs\react-dom.development.js:2165
0:16)
    at 
HTMLUnknownElement.callCallback (C
:\Users\devart\code-files\vite-pro
j\craftsbayhub\money-feast\node_mo
dules\react-dom\cjs\react-dom.deve
lopment.js:4164:14)
    at HTMLUnknownElement.callTheU
serObjectsOperation (C:\Users\deva
rt\code-files\vite-proj\craftsbayh
ub\money-feast\node_modules\jsdom\
lib\jsdom\living\generated\EventLi
stener.js:26:30)
    at innerInvokeEventListeners (
C:\Users\devart\code-files\vite-pr
oj\craftsbayhub\money-feast\node_m
odules\jsdom\lib\jsdom\living\even
ts\EventTarget-impl.js:360:16)
    at invokeEventListeners (C:\Us
ers\devart\code-files\vite-proj\cr
aftsbayhub\money-feast\node_module
s\jsdom\lib\jsdom\living\events\Ev
entTarget-impl.js:296:3)
    at 
HTMLUnknownElementImpl._dispatch (
C:\Users\devart\code-files\vite-pr
oj\craftsbayhub\money-feast\node_m
odules\jsdom\lib\jsdom\living\even
ts\EventTarget-impl.js:243:9)
[90mstderr[2m | src/pages/admin/
__tests__/AdminFlow.test.tsx[2m 
> [22m[2mAdmin Flow Tests[2m > 
[22m[2mSignup Component[2m > 
[22m[2mcalls signUp when form 
is valid
[22m[39mThe above error 
occurred in the 
<HelmetDispatcher> component:

    at HelmetDispatcher (C:\Users\
devart\code-files\vite-proj\crafts
bayhub\money-feast\node_modules\re
act-helmet-async\lib\index.js:637:
24)
    at Helmet (C:\Users\devart\cod
e-files\vite-proj\craftsbayhub\mon
ey-feast\node_modules\react-helmet
-async\lib\index.js:686:14)
    at SEO (C:/Users/devart/code-f
iles/vite-proj/craftsbayhub/money-
feast/src/components/SEO.tsx:7:3)
    at Signup (C:/Users/devart/cod
e-files/vite-proj/craftsbayhub/mon
ey-feast/src/pages/admin/Signup.ts
x:15:63)
    at AuthProvider (C:/Users/deva
rt/code-files/vite-proj/craftsbayh
ub/money-feast/src/contexts/AuthCo
ntext.tsx:10:25)
    at Router (file:///C:/Users/de
vart/code-files/vite-proj/craftsba
yhub/money-feast/node_modules/reac
t-router/dist/development/chunk-4W
Y6JWTD.mjs:6463:13)
    at BrowserRouter (file:///C:/U
sers/devart/code-files/vite-proj/c
raftsbayhub/money-feast/node_modul
es/react-router/dist/development/c
hunk-4WY6JWTD.mjs:9623:3)

Consider adding an error boundary 
to your tree to customize error 
handling behavior.
Visit https://reactjs.org/link/err
or-boundaries to learn more about 
error boundaries.

 [31mÔØ»[39m src/pages/admin/__tests__/AdminFlow.test.tsx [2m([22m[2m6 tests[22m[2m | [22m[31m6 failed[39m[2m)[22m[32m 87[2mms[22m[39m
[31m       [31m├ù[31m renders login form correctly[39m[32m 36[2mms[22m[39m
[31m       [31m├ù[31m handles password visibility toggle[39m[32m 9[2mms[22m[39m
[31m       [31m├ù[31m calls signIn when form is submitted[39m[32m 10[2mms[22m[39m
[31m       [31m├ù[31m renders signup form correctly[39m[32m 8[2mms[22m[39m
[31m       [31m├ù[31m validates password match[39m[32m 12[2mms[22m[39m
[31m       [31m├ù[31m calls signUp when form is valid[39m[32m 10[2mms[22m[39m

[31mÔÄ»ÔÄ»ÔÄ»ÔÄ»ÔÄ»ÔÄ»ÔÄ»[39m[1
m[41m Failed Tests 6 [49m[22m[
31mÔÄ»ÔÄ»ÔÄ»ÔÄ»ÔÄ»ÔÄ»ÔÄ»[39m

[41m[1m FAIL [22m[49m src/page
s/admin/__tests__/AdminFlow.test.t
sx[2m > [22mAdmin Flow 
Tests[2m > [22mLogin 
Component[2m > [22mrenders 
login form correctly
[41m[1m FAIL [22m[49m src/page
s/admin/__tests__/AdminFlow.test.t
sx[2m > [22mAdmin Flow 
Tests[2m > [22mLogin 
Component[2m > [22mhandles 
password visibility toggle
[41m[1m FAIL [22m[49m src/page
s/admin/__tests__/AdminFlow.test.t
sx[2m > [22mAdmin Flow 
Tests[2m > [22mLogin 
Component[2m > [22mcalls signIn 
when form is submitted
[41m[1m FAIL [22m[49m src/page
s/admin/__tests__/AdminFlow.test.t
sx[2m > [22mAdmin Flow 
Tests[2m > [22mSignup 
Component[2m > [22mrenders 
signup form correctly
[41m[1m FAIL [22m[49m src/page
s/admin/__tests__/AdminFlow.test.t
sx[2m > [22mAdmin Flow 
Tests[2m > [22mSignup 
Component[2m > [22mvalidates 
password match
[41m[1m FAIL [22m[49m src/page
s/admin/__tests__/AdminFlow.test.t
sx[2m > [22mAdmin Flow 
Tests[2m > [22mSignup 
Component[2m > [22mcalls signUp 
when form is valid
[31m[1mTypeError[22m: Cannot 
read properties of undefined 
(reading 'add')[39m
[90m [2mÔØ»[22m 
HelmetDispatcher.init node_modules
/react-helmet-async/lib/index.js:
[2m676:21[22m[39m
[90m [2mÔØ»[22m 
HelmetDispatcher.render node_modul
es/react-helmet-async/lib/index.js
:[2m680:10[22m[39m
[90m [2mÔØ»[22m 
finishClassComponent node_modules/
react-dom/cjs/react-dom.developmen
t.js:[2m19781:31[22m[39m
[90m [2mÔØ»[22m 
updateClassComponent node_modules/
react-dom/cjs/react-dom.developmen
t.js:[2m19727:24[22m[39m
[90m [2mÔØ»[22m beginWork node_
modules/react-dom/cjs/react-dom.de
velopment.js:[2m21650:16[22m[39
m
[90m [2mÔØ»[22m beginWork$1 nod
e_modules/react-dom/cjs/react-dom.
development.js:[2m27465:14[22m[
39m
[90m [2mÔØ»[22m 
performUnitOfWork node_modules/rea
ct-dom/cjs/react-dom.development.j
s:[2m26599:12[22m[39m
[90m [2mÔØ»[22m workLoopSync no
de_modules/react-dom/cjs/react-dom
.development.js:[2m26505:5[22m[
39m
[90m [2mÔØ»[22m renderRootSync 
node_modules/react-dom/cjs/react-d
om.development.js:[2m26473:7[22m
[39m
[90m [2mÔØ»[22m 
recoverFromConcurrentError node_mo
dules/react-dom/cjs/react-dom.deve
lopment.js:[2m25889:20[22m[39m

[31m[2mÔÄ»ÔÄ»ÔÄ»ÔÄ»ÔÄ»ÔÄ»ÔÄ»ÔÄ»Ô
Ä»ÔÄ»ÔÄ»ÔÄ»ÔÄ»ÔÄ»ÔÄ»ÔÄ»ÔÄ»ÔÄ»ÔÄ»ÔÄ
»ÔÄ»ÔÄ»ÔÄ»ÔÄ»[1/6]ÔÄ»[22m[39m


[2m Test Files [22m [1m[31m1 failed[39m[22m[90m (1)[39m
[2m      Tests [22m [1m[31m6 failed[39m[22m[90m (6)[39m
[2m   Start at [22m 06:25:43
[2m   Duration [22m 1.42s[2m (transform 126ms, setup 209ms, collect 285ms, tests 87ms, environment 663ms, prepare 15ms)[22m

